
GettingStartedWithMATLABRSpkgForLEGOEV3HardwareExample  examples/getting-started-with-matlab-support-package-for-lego-mindstorms-ev3-hardware.html
GettingStartedWithMATLABRSpkgForLEGOEV3HardwareExample-1  examples/getting-started-with-matlab-support-package-for-lego-mindstorms-ev3-hardware.html#d123e66
GettingStartedWithMATLABRSpkgForLEGOEV3HardwareExample-2  examples/getting-started-with-matlab-support-package-for-lego-mindstorms-ev3-hardware.html#d123e72
GettingStartedWithMATLABRSpkgForLEGOEV3HardwareExample-3  examples/getting-started-with-matlab-support-package-for-lego-mindstorms-ev3-hardware.html#d123e86
GettingStartedWithMATLABRSpkgForLEGOEV3HardwareExample-4  examples/getting-started-with-matlab-support-package-for-lego-mindstorms-ev3-hardware.html#d123e96
GettingStartedWithMATLABRSpkgForLEGOEV3HardwareExample-5  examples/getting-started-with-matlab-support-package-for-lego-mindstorms-ev3-hardware.html#d123e153
GettingStartedWithMATLABRSpkgForLEGOEV3HardwareExample-6  examples/getting-started-with-matlab-support-package-for-lego-mindstorms-ev3-hardware.html#d123e197
GettingStartedWithMATLABRSpkgForLEGOEV3HardwareExample-7  examples/getting-started-with-matlab-support-package-for-lego-mindstorms-ev3-hardware.html#d123e206
GettingStartedWithMATLABRSpkgForLEGOEV3HardwareExample-8  examples/getting-started-with-matlab-support-package-for-lego-mindstorms-ev3-hardware.html#d123e215
InteractEV3BrickPeripheralsReadSensorValuesControlMotorsExample  examples/interact-with-ev3-brick-peripherals-read-sensor-values-and-control-motors.html
InteractEV3BrickPeripheralsReadSensorValuesControlMotorsExample-1  examples/interact-with-ev3-brick-peripherals-read-sensor-values-and-control-motors.html#d123e253
InteractEV3BrickPeripheralsReadSensorValuesControlMotorsExample-2  examples/interact-with-ev3-brick-peripherals-read-sensor-values-and-control-motors.html#d123e265
InteractEV3BrickPeripheralsReadSensorValuesControlMotorsExample-3  examples/interact-with-ev3-brick-peripherals-read-sensor-values-and-control-motors.html#d123e276
InteractEV3BrickPeripheralsReadSensorValuesControlMotorsExample-4  examples/interact-with-ev3-brick-peripherals-read-sensor-values-and-control-motors.html#d123e286
InteractEV3BrickPeripheralsReadSensorValuesControlMotorsExample-5  examples/interact-with-ev3-brick-peripherals-read-sensor-values-and-control-motors.html#d123e324
InteractEV3BrickPeripheralsReadSensorValuesControlMotorsExample-6  examples/interact-with-ev3-brick-peripherals-read-sensor-values-and-control-motors.html#d123e344
InteractEV3BrickPeripheralsReadSensorValuesControlMotorsExample-7  examples/interact-with-ev3-brick-peripherals-read-sensor-values-and-control-motors.html#d123e382
InteractEV3BrickPeripheralsReadSensorValuesControlMotorsExample-8  examples/interact-with-ev3-brick-peripherals-read-sensor-values-and-control-motors.html#d123e389
BuildACollisionAlarmUsingTheEV3UltrasonicSensorExample  examples/build-a-collision-alarm-using-the-ev3-ultrasonic-sensor.html
BuildACollisionAlarmUsingTheEV3UltrasonicSensorExample-1  examples/build-a-collision-alarm-using-the-ev3-ultrasonic-sensor.html#d123e431
BuildACollisionAlarmUsingTheEV3UltrasonicSensorExample-2  examples/build-a-collision-alarm-using-the-ev3-ultrasonic-sensor.html#d123e437
BuildACollisionAlarmUsingTheEV3UltrasonicSensorExample-3  examples/build-a-collision-alarm-using-the-ev3-ultrasonic-sensor.html#d123e447
BuildACollisionAlarmUsingTheEV3UltrasonicSensorExample-4  examples/build-a-collision-alarm-using-the-ev3-ultrasonic-sensor.html#d123e455
BuildACollisionAlarmUsingTheEV3UltrasonicSensorExample-5  examples/build-a-collision-alarm-using-the-ev3-ultrasonic-sensor.html#d123e465
BuildACollisionAlarmUsingTheEV3UltrasonicSensorExample-6  examples/build-a-collision-alarm-using-the-ev3-ultrasonic-sensor.html#d123e481
BuildACollisionAlarmUsingTheEV3UltrasonicSensorExample-7  examples/build-a-collision-alarm-using-the-ev3-ultrasonic-sensor.html#d123e489
BuildACollisionAlarmUsingTheEV3UltrasonicSensorExample-8  examples/build-a-collision-alarm-using-the-ev3-ultrasonic-sensor.html#d123e495
ImproveSteeringOfVehicleUsingAClosedLoopControlAlgorithmExample  examples/improve-the-steering-of-a-two-wheel-vehicle-using-a-closed-loop-control-algorithm.html
ImproveSteeringOfVehicleUsingAClosedLoopControlAlgorithmExample-1  examples/improve-the-steering-of-a-two-wheel-vehicle-using-a-closed-loop-control-algorithm.html#d123e530
ImproveSteeringOfVehicleUsingAClosedLoopControlAlgorithmExample-2  examples/improve-the-steering-of-a-two-wheel-vehicle-using-a-closed-loop-control-algorithm.html#d123e537
ImproveSteeringOfVehicleUsingAClosedLoopControlAlgorithmExample-3  examples/improve-the-steering-of-a-two-wheel-vehicle-using-a-closed-loop-control-algorithm.html#d123e547
ImproveSteeringOfVehicleUsingAClosedLoopControlAlgorithmExample-4  examples/improve-the-steering-of-a-two-wheel-vehicle-using-a-closed-loop-control-algorithm.html#d123e555
ImproveSteeringOfVehicleUsingAClosedLoopControlAlgorithmExample-5  examples/improve-the-steering-of-a-two-wheel-vehicle-using-a-closed-loop-control-algorithm.html#d123e572
ImproveSteeringOfVehicleUsingAClosedLoopControlAlgorithmExample-6  examples/improve-the-steering-of-a-two-wheel-vehicle-using-a-closed-loop-control-algorithm.html#d123e594
ImproveSteeringOfVehicleUsingAClosedLoopControlAlgorithmExample-7  examples/improve-the-steering-of-a-two-wheel-vehicle-using-a-closed-loop-control-algorithm.html#d123e616
ImproveSteeringOfVehicleUsingAClosedLoopControlAlgorithmExample-8  examples/improve-the-steering-of-a-two-wheel-vehicle-using-a-closed-loop-control-algorithm.html#d123e630
legomindstormsev3io_doccenter-examplelandingpage examples.html
GettingStartedWithMATLABRSpkgForLEGOEV3HardwareExample  ref/getting-started-with-matlab-support-package-for-lego-mindstorms-ev3-hardware.html
GettingStartedWithMATLABRSpkgForLEGOEV3HardwareExample-1  ref/getting-started-with-matlab-support-package-for-lego-mindstorms-ev3-hardware.html#d123e5331
GettingStartedWithMATLABRSpkgForLEGOEV3HardwareExample-2  ref/getting-started-with-matlab-support-package-for-lego-mindstorms-ev3-hardware.html#d123e5337
GettingStartedWithMATLABRSpkgForLEGOEV3HardwareExample-3  ref/getting-started-with-matlab-support-package-for-lego-mindstorms-ev3-hardware.html#d123e5351
GettingStartedWithMATLABRSpkgForLEGOEV3HardwareExample-4  ref/getting-started-with-matlab-support-package-for-lego-mindstorms-ev3-hardware.html#d123e5361
GettingStartedWithMATLABRSpkgForLEGOEV3HardwareExample-5  ref/getting-started-with-matlab-support-package-for-lego-mindstorms-ev3-hardware.html#d123e5418
GettingStartedWithMATLABRSpkgForLEGOEV3HardwareExample-6  ref/getting-started-with-matlab-support-package-for-lego-mindstorms-ev3-hardware.html#d123e5462
GettingStartedWithMATLABRSpkgForLEGOEV3HardwareExample-7  ref/getting-started-with-matlab-support-package-for-lego-mindstorms-ev3-hardware.html#d123e5471
GettingStartedWithMATLABRSpkgForLEGOEV3HardwareExample-8  ref/getting-started-with-matlab-support-package-for-lego-mindstorms-ev3-hardware.html#d123e5480
InteractEV3BrickPeripheralsReadSensorValuesControlMotorsExample  ref/interact-with-ev3-brick-peripherals-read-sensor-values-and-control-motors.html
InteractEV3BrickPeripheralsReadSensorValuesControlMotorsExample-1  ref/interact-with-ev3-brick-peripherals-read-sensor-values-and-control-motors.html#d123e5518
InteractEV3BrickPeripheralsReadSensorValuesControlMotorsExample-2  ref/interact-with-ev3-brick-peripherals-read-sensor-values-and-control-motors.html#d123e5530
InteractEV3BrickPeripheralsReadSensorValuesControlMotorsExample-3  ref/interact-with-ev3-brick-peripherals-read-sensor-values-and-control-motors.html#d123e5541
InteractEV3BrickPeripheralsReadSensorValuesControlMotorsExample-4  ref/interact-with-ev3-brick-peripherals-read-sensor-values-and-control-motors.html#d123e5551
InteractEV3BrickPeripheralsReadSensorValuesControlMotorsExample-5  ref/interact-with-ev3-brick-peripherals-read-sensor-values-and-control-motors.html#d123e5589
InteractEV3BrickPeripheralsReadSensorValuesControlMotorsExample-6  ref/interact-with-ev3-brick-peripherals-read-sensor-values-and-control-motors.html#d123e5609
InteractEV3BrickPeripheralsReadSensorValuesControlMotorsExample-7  ref/interact-with-ev3-brick-peripherals-read-sensor-values-and-control-motors.html#d123e5647
InteractEV3BrickPeripheralsReadSensorValuesControlMotorsExample-8  ref/interact-with-ev3-brick-peripherals-read-sensor-values-and-control-motors.html#d123e5654
BuildACollisionAlarmUsingTheEV3UltrasonicSensorExample  ref/build-a-collision-alarm-using-the-ev3-ultrasonic-sensor.html
BuildACollisionAlarmUsingTheEV3UltrasonicSensorExample-1  ref/build-a-collision-alarm-using-the-ev3-ultrasonic-sensor.html#d123e5696
BuildACollisionAlarmUsingTheEV3UltrasonicSensorExample-2  ref/build-a-collision-alarm-using-the-ev3-ultrasonic-sensor.html#d123e5702
BuildACollisionAlarmUsingTheEV3UltrasonicSensorExample-3  ref/build-a-collision-alarm-using-the-ev3-ultrasonic-sensor.html#d123e5712
BuildACollisionAlarmUsingTheEV3UltrasonicSensorExample-4  ref/build-a-collision-alarm-using-the-ev3-ultrasonic-sensor.html#d123e5720
BuildACollisionAlarmUsingTheEV3UltrasonicSensorExample-5  ref/build-a-collision-alarm-using-the-ev3-ultrasonic-sensor.html#d123e5730
BuildACollisionAlarmUsingTheEV3UltrasonicSensorExample-6  ref/build-a-collision-alarm-using-the-ev3-ultrasonic-sensor.html#d123e5746
BuildACollisionAlarmUsingTheEV3UltrasonicSensorExample-7  ref/build-a-collision-alarm-using-the-ev3-ultrasonic-sensor.html#d123e5754
BuildACollisionAlarmUsingTheEV3UltrasonicSensorExample-8  ref/build-a-collision-alarm-using-the-ev3-ultrasonic-sensor.html#d123e5760
ImproveSteeringOfVehicleUsingAClosedLoopControlAlgorithmExample  ref/improve-the-steering-of-a-two-wheel-vehicle-using-a-closed-loop-control-algorithm.html
ImproveSteeringOfVehicleUsingAClosedLoopControlAlgorithmExample-1  ref/improve-the-steering-of-a-two-wheel-vehicle-using-a-closed-loop-control-algorithm.html#d123e5795
ImproveSteeringOfVehicleUsingAClosedLoopControlAlgorithmExample-2  ref/improve-the-steering-of-a-two-wheel-vehicle-using-a-closed-loop-control-algorithm.html#d123e5802
ImproveSteeringOfVehicleUsingAClosedLoopControlAlgorithmExample-3  ref/improve-the-steering-of-a-two-wheel-vehicle-using-a-closed-loop-control-algorithm.html#d123e5812
ImproveSteeringOfVehicleUsingAClosedLoopControlAlgorithmExample-4  ref/improve-the-steering-of-a-two-wheel-vehicle-using-a-closed-loop-control-algorithm.html#d123e5820
ImproveSteeringOfVehicleUsingAClosedLoopControlAlgorithmExample-5  ref/improve-the-steering-of-a-two-wheel-vehicle-using-a-closed-loop-control-algorithm.html#d123e5837
ImproveSteeringOfVehicleUsingAClosedLoopControlAlgorithmExample-6  ref/improve-the-steering-of-a-two-wheel-vehicle-using-a-closed-loop-control-algorithm.html#d123e5859
ImproveSteeringOfVehicleUsingAClosedLoopControlAlgorithmExample-7  ref/improve-the-steering-of-a-two-wheel-vehicle-using-a-closed-loop-control-algorithm.html#d123e5881
ImproveSteeringOfVehicleUsingAClosedLoopControlAlgorithmExample-8  ref/improve-the-steering-of-a-two-wheel-vehicle-using-a-closed-loop-control-algorithm.html#d123e5895