
GettingStartedWithMATLABRSpkgForLEGOEV3HardwareExample getting-started-with-matlab-support-package-for-lego-mindstorms-ev3-hardware.html
GettingStartedWithMATLABRSpkgForLEGOEV3HardwareExample-1 getting-started-with-matlab-support-package-for-lego-mindstorms-ev3-hardware.html#d123e66
GettingStartedWithMATLABRSpkgForLEGOEV3HardwareExample-2 getting-started-with-matlab-support-package-for-lego-mindstorms-ev3-hardware.html#d123e72
GettingStartedWithMATLABRSpkgForLEGOEV3HardwareExample-3 getting-started-with-matlab-support-package-for-lego-mindstorms-ev3-hardware.html#d123e86
GettingStartedWithMATLABRSpkgForLEGOEV3HardwareExample-4 getting-started-with-matlab-support-package-for-lego-mindstorms-ev3-hardware.html#d123e96
GettingStartedWithMATLABRSpkgForLEGOEV3HardwareExample-5 getting-started-with-matlab-support-package-for-lego-mindstorms-ev3-hardware.html#d123e153
GettingStartedWithMATLABRSpkgForLEGOEV3HardwareExample-6 getting-started-with-matlab-support-package-for-lego-mindstorms-ev3-hardware.html#d123e197
GettingStartedWithMATLABRSpkgForLEGOEV3HardwareExample-7 getting-started-with-matlab-support-package-for-lego-mindstorms-ev3-hardware.html#d123e206
GettingStartedWithMATLABRSpkgForLEGOEV3HardwareExample-8 getting-started-with-matlab-support-package-for-lego-mindstorms-ev3-hardware.html#d123e215
InteractEV3BrickPeripheralsReadSensorValuesControlMotorsExample interact-with-ev3-brick-peripherals-read-sensor-values-and-control-motors.html
InteractEV3BrickPeripheralsReadSensorValuesControlMotorsExample-1 interact-with-ev3-brick-peripherals-read-sensor-values-and-control-motors.html#d123e253
InteractEV3BrickPeripheralsReadSensorValuesControlMotorsExample-2 interact-with-ev3-brick-peripherals-read-sensor-values-and-control-motors.html#d123e265
InteractEV3BrickPeripheralsReadSensorValuesControlMotorsExample-3 interact-with-ev3-brick-peripherals-read-sensor-values-and-control-motors.html#d123e276
InteractEV3BrickPeripheralsReadSensorValuesControlMotorsExample-4 interact-with-ev3-brick-peripherals-read-sensor-values-and-control-motors.html#d123e286
InteractEV3BrickPeripheralsReadSensorValuesControlMotorsExample-5 interact-with-ev3-brick-peripherals-read-sensor-values-and-control-motors.html#d123e324
InteractEV3BrickPeripheralsReadSensorValuesControlMotorsExample-6 interact-with-ev3-brick-peripherals-read-sensor-values-and-control-motors.html#d123e344
InteractEV3BrickPeripheralsReadSensorValuesControlMotorsExample-7 interact-with-ev3-brick-peripherals-read-sensor-values-and-control-motors.html#d123e382
InteractEV3BrickPeripheralsReadSensorValuesControlMotorsExample-8 interact-with-ev3-brick-peripherals-read-sensor-values-and-control-motors.html#d123e389
BuildACollisionAlarmUsingTheEV3UltrasonicSensorExample build-a-collision-alarm-using-the-ev3-ultrasonic-sensor.html
BuildACollisionAlarmUsingTheEV3UltrasonicSensorExample-1 build-a-collision-alarm-using-the-ev3-ultrasonic-sensor.html#d123e431
BuildACollisionAlarmUsingTheEV3UltrasonicSensorExample-2 build-a-collision-alarm-using-the-ev3-ultrasonic-sensor.html#d123e437
BuildACollisionAlarmUsingTheEV3UltrasonicSensorExample-3 build-a-collision-alarm-using-the-ev3-ultrasonic-sensor.html#d123e447
BuildACollisionAlarmUsingTheEV3UltrasonicSensorExample-4 build-a-collision-alarm-using-the-ev3-ultrasonic-sensor.html#d123e455
BuildACollisionAlarmUsingTheEV3UltrasonicSensorExample-5 build-a-collision-alarm-using-the-ev3-ultrasonic-sensor.html#d123e465
BuildACollisionAlarmUsingTheEV3UltrasonicSensorExample-6 build-a-collision-alarm-using-the-ev3-ultrasonic-sensor.html#d123e481
BuildACollisionAlarmUsingTheEV3UltrasonicSensorExample-7 build-a-collision-alarm-using-the-ev3-ultrasonic-sensor.html#d123e489
BuildACollisionAlarmUsingTheEV3UltrasonicSensorExample-8 build-a-collision-alarm-using-the-ev3-ultrasonic-sensor.html#d123e495
ImproveSteeringOfVehicleUsingAClosedLoopControlAlgorithmExample improve-the-steering-of-a-two-wheel-vehicle-using-a-closed-loop-control-algorithm.html
ImproveSteeringOfVehicleUsingAClosedLoopControlAlgorithmExample-1 improve-the-steering-of-a-two-wheel-vehicle-using-a-closed-loop-control-algorithm.html#d123e530
ImproveSteeringOfVehicleUsingAClosedLoopControlAlgorithmExample-2 improve-the-steering-of-a-two-wheel-vehicle-using-a-closed-loop-control-algorithm.html#d123e537
ImproveSteeringOfVehicleUsingAClosedLoopControlAlgorithmExample-3 improve-the-steering-of-a-two-wheel-vehicle-using-a-closed-loop-control-algorithm.html#d123e547
ImproveSteeringOfVehicleUsingAClosedLoopControlAlgorithmExample-4 improve-the-steering-of-a-two-wheel-vehicle-using-a-closed-loop-control-algorithm.html#d123e555
ImproveSteeringOfVehicleUsingAClosedLoopControlAlgorithmExample-5 improve-the-steering-of-a-two-wheel-vehicle-using-a-closed-loop-control-algorithm.html#d123e572
ImproveSteeringOfVehicleUsingAClosedLoopControlAlgorithmExample-6 improve-the-steering-of-a-two-wheel-vehicle-using-a-closed-loop-control-algorithm.html#d123e594
ImproveSteeringOfVehicleUsingAClosedLoopControlAlgorithmExample-7 improve-the-steering-of-a-two-wheel-vehicle-using-a-closed-loop-control-algorithm.html#d123e616
ImproveSteeringOfVehicleUsingAClosedLoopControlAlgorithmExample-8 improve-the-steering-of-a-two-wheel-vehicle-using-a-closed-loop-control-algorithm.html#d123e630