
GettingStartedWithMATLABRSpkgForLEGOEV3HardwareExample getting-started-with-matlab-support-package-for-lego-mindstorms-ev3-hardware.html
GettingStartedWithMATLABRSpkgForLEGOEV3HardwareExample-1 getting-started-with-matlab-support-package-for-lego-mindstorms-ev3-hardware.html#d123e5331
GettingStartedWithMATLABRSpkgForLEGOEV3HardwareExample-2 getting-started-with-matlab-support-package-for-lego-mindstorms-ev3-hardware.html#d123e5337
GettingStartedWithMATLABRSpkgForLEGOEV3HardwareExample-3 getting-started-with-matlab-support-package-for-lego-mindstorms-ev3-hardware.html#d123e5351
GettingStartedWithMATLABRSpkgForLEGOEV3HardwareExample-4 getting-started-with-matlab-support-package-for-lego-mindstorms-ev3-hardware.html#d123e5361
GettingStartedWithMATLABRSpkgForLEGOEV3HardwareExample-5 getting-started-with-matlab-support-package-for-lego-mindstorms-ev3-hardware.html#d123e5418
GettingStartedWithMATLABRSpkgForLEGOEV3HardwareExample-6 getting-started-with-matlab-support-package-for-lego-mindstorms-ev3-hardware.html#d123e5462
GettingStartedWithMATLABRSpkgForLEGOEV3HardwareExample-7 getting-started-with-matlab-support-package-for-lego-mindstorms-ev3-hardware.html#d123e5471
GettingStartedWithMATLABRSpkgForLEGOEV3HardwareExample-8 getting-started-with-matlab-support-package-for-lego-mindstorms-ev3-hardware.html#d123e5480
InteractEV3BrickPeripheralsReadSensorValuesControlMotorsExample interact-with-ev3-brick-peripherals-read-sensor-values-and-control-motors.html
InteractEV3BrickPeripheralsReadSensorValuesControlMotorsExample-1 interact-with-ev3-brick-peripherals-read-sensor-values-and-control-motors.html#d123e5518
InteractEV3BrickPeripheralsReadSensorValuesControlMotorsExample-2 interact-with-ev3-brick-peripherals-read-sensor-values-and-control-motors.html#d123e5530
InteractEV3BrickPeripheralsReadSensorValuesControlMotorsExample-3 interact-with-ev3-brick-peripherals-read-sensor-values-and-control-motors.html#d123e5541
InteractEV3BrickPeripheralsReadSensorValuesControlMotorsExample-4 interact-with-ev3-brick-peripherals-read-sensor-values-and-control-motors.html#d123e5551
InteractEV3BrickPeripheralsReadSensorValuesControlMotorsExample-5 interact-with-ev3-brick-peripherals-read-sensor-values-and-control-motors.html#d123e5589
InteractEV3BrickPeripheralsReadSensorValuesControlMotorsExample-6 interact-with-ev3-brick-peripherals-read-sensor-values-and-control-motors.html#d123e5609
InteractEV3BrickPeripheralsReadSensorValuesControlMotorsExample-7 interact-with-ev3-brick-peripherals-read-sensor-values-and-control-motors.html#d123e5647
InteractEV3BrickPeripheralsReadSensorValuesControlMotorsExample-8 interact-with-ev3-brick-peripherals-read-sensor-values-and-control-motors.html#d123e5654
BuildACollisionAlarmUsingTheEV3UltrasonicSensorExample build-a-collision-alarm-using-the-ev3-ultrasonic-sensor.html
BuildACollisionAlarmUsingTheEV3UltrasonicSensorExample-1 build-a-collision-alarm-using-the-ev3-ultrasonic-sensor.html#d123e5696
BuildACollisionAlarmUsingTheEV3UltrasonicSensorExample-2 build-a-collision-alarm-using-the-ev3-ultrasonic-sensor.html#d123e5702
BuildACollisionAlarmUsingTheEV3UltrasonicSensorExample-3 build-a-collision-alarm-using-the-ev3-ultrasonic-sensor.html#d123e5712
BuildACollisionAlarmUsingTheEV3UltrasonicSensorExample-4 build-a-collision-alarm-using-the-ev3-ultrasonic-sensor.html#d123e5720
BuildACollisionAlarmUsingTheEV3UltrasonicSensorExample-5 build-a-collision-alarm-using-the-ev3-ultrasonic-sensor.html#d123e5730
BuildACollisionAlarmUsingTheEV3UltrasonicSensorExample-6 build-a-collision-alarm-using-the-ev3-ultrasonic-sensor.html#d123e5746
BuildACollisionAlarmUsingTheEV3UltrasonicSensorExample-7 build-a-collision-alarm-using-the-ev3-ultrasonic-sensor.html#d123e5754
BuildACollisionAlarmUsingTheEV3UltrasonicSensorExample-8 build-a-collision-alarm-using-the-ev3-ultrasonic-sensor.html#d123e5760
ImproveSteeringOfVehicleUsingAClosedLoopControlAlgorithmExample improve-the-steering-of-a-two-wheel-vehicle-using-a-closed-loop-control-algorithm.html
ImproveSteeringOfVehicleUsingAClosedLoopControlAlgorithmExample-1 improve-the-steering-of-a-two-wheel-vehicle-using-a-closed-loop-control-algorithm.html#d123e5795
ImproveSteeringOfVehicleUsingAClosedLoopControlAlgorithmExample-2 improve-the-steering-of-a-two-wheel-vehicle-using-a-closed-loop-control-algorithm.html#d123e5802
ImproveSteeringOfVehicleUsingAClosedLoopControlAlgorithmExample-3 improve-the-steering-of-a-two-wheel-vehicle-using-a-closed-loop-control-algorithm.html#d123e5812
ImproveSteeringOfVehicleUsingAClosedLoopControlAlgorithmExample-4 improve-the-steering-of-a-two-wheel-vehicle-using-a-closed-loop-control-algorithm.html#d123e5820
ImproveSteeringOfVehicleUsingAClosedLoopControlAlgorithmExample-5 improve-the-steering-of-a-two-wheel-vehicle-using-a-closed-loop-control-algorithm.html#d123e5837
ImproveSteeringOfVehicleUsingAClosedLoopControlAlgorithmExample-6 improve-the-steering-of-a-two-wheel-vehicle-using-a-closed-loop-control-algorithm.html#d123e5859
ImproveSteeringOfVehicleUsingAClosedLoopControlAlgorithmExample-7 improve-the-steering-of-a-two-wheel-vehicle-using-a-closed-loop-control-algorithm.html#d123e5881
ImproveSteeringOfVehicleUsingAClosedLoopControlAlgorithmExample-8 improve-the-steering-of-a-two-wheel-vehicle-using-a-closed-loop-control-algorithm.html#d123e5895